Microchip MPLAB XC8 Compiler V2.45

Linker command line:

-W-3 \
  --edf=C:\Program Files\Microchip\xc8\v2.45\pic\dat\20230818022343_en.msgs \
  -cn \
  -h+dist/default/production\mini-project-alex-dayo-ecm.X.production.sym \
  --cmf=dist/default/production\mini-project-alex-dayo-ecm.X.production.cmf \
  -z -Q18F67K40 \
  -oC:\Users\ALEXPI~1\AppData\Local\Temp\xcAsao0.\driver_tmp_3.o \
  --defsym=__MPLAB_BUILD=1 --fixupoverflow=error \
  -Mdist/default/production/mini-project-alex-dayo-ecm.X.production.map \
  --md=C:\Users\ALEXPI~1\AppData\Local\Temp\xcAsao0.\driver_tmp_0.dat -E1 \
  -ver=XC8 Compiler --acfsm=1493 -ACODE=00h-01FFFFh -ACONST=00h-01FFFFh \
  -ASMALLCONST=0E00h-0EFFhx498 -AMEDIUMCONST=0E00h-0FFFFh,010E00h-01FFFFh \
  -ACOMRAM=01h-05Fh -AABS1=00h-0DE9h -ABIGRAM=01h-0DE9h \
  -ARAM=060h-0FFh,0100h-01FFhx12,0D00h-0DE9h -ABANK0=060h-0FFh \
  -ABANK1=0100h-01FFh -ABANK2=0200h-02FFh -ABANK3=0300h-03FFh \
  -ABANK4=0400h-04FFh -ABANK5=0500h-05FFh -ABANK6=0600h-06FFh \
  -ABANK7=0700h-07FFh -ABANK8=0800h-08FFh -ABANK9=0900h-09FFh \
  -ABANK10=0A00h-0AFFh -ABANK11=0B00h-0BFFh -ABANK12=0C00h-0CFFh \
  -ABANK13=0D00h-0DE9h \
  -ASFR=0DEFh-0DFFh,0E00h-0EFFh,0F00h-0F5Fh,0F60h-0FFFh \
  -ABIGSFR=0DEFh-0FFFh -ACONFIG=0300000h-030000Bh -AIDLOC=0200000h-020000Fh \
  -AEEDATA=0310000h-03103FFh -peeprom_data=EEDATA \
  -preset_vec=00h,intcode=08h,intcodelo,powerup,init -pramtop=0E00h \
  -psmallconst=SMALLCONST -pmediumconst=MEDIUMCONST -pconst=CONST \
  -AFARRAM=00h-00h \
  -prdata=COMRAM,nvrram=COMRAM,nvbit=COMRAM,rbss=COMRAM,rbit=COMRAM \
  -pfarbss=FARRAM,fardata=FARRAM,nvFARRAM=FARRAM \
  -pintsave_regs=BIGRAM,bigbss=BIGRAM,bigdata=BIGRAM -pbss=RAM \
  -pidata=CODE,irdata=CODE,ibigdata=CODE,ifardata=CODE -prparam=COMRAM \
  C:\Users\ALEXPI~1\AppData\Local\Temp\xcAsao0.\driver_tmp_14.o \
  dist/default/production\mini-project-alex-dayo-ecm.X.production.o 

Object code version is 3.11

Machine type is 18F67K40



                Name                               Link     Load   Length Selector   Space Scale
C:\Users\ALEXPI~1\AppData\Local\Temp\xcAsao0.\driver_tmp_14.o
                config                           300000   300000        6        0       4
                init                                 B0       B0        4        4       0
                reset_vec                             0        0        4        0       0
dist/default/production\mini-project-alex-dayo-ecm.X.production.o
                intcode                               8        8       A8        4       0
                config                           300000   300000        6        0       4
                temp                                 5A       5A        1        1       1
                smallconst                          E00      E00        A      700       0
                text30                             1B64     1B64        E      705       0
                text29                             185C     185C       68      705       0
                text28                             1A5A     1A5A       2C      705       0
                text27                             1A26     1A26       34      705       0
                text26                             17E8     17E8       74      705       0
                text25                             12BE     12BE       C4      705       0
                text24                             143C     143C       B0      705       0
                text23                             19F2     19F2       34      705       0
                text22                             1B72     1B72        2      705       0
                text21                             1382     1382       BA      705       0
                text20                             1942     1942       3C      705       0
                text19                             16E0     16E0       8A      705       0
                text18                              F8C      F8C      168      705       0
                text17                             1AAC     1AAC       26      705       0
                text16                             14EC     14EC       AE      705       0
                text15                              E0A      E0A      182      705       0
                text14                             18C4     18C4       42      705       0
                text13                             1906     1906       3C      705       0
                text12                             1646     1646       9A      705       0
                text11                             176A     176A       7E      705       0
                text10                             1B14     1B14       1A      705       0
                text9                              1B2E     1B2E       14      705       0
                text8                              1A86     1A86       26      705       0
                text7                              1B54     1B54       10      705       0
                text6                              10F4     10F4      102      705       0
                text5                              19B8     19B8       3A      705       0
                text4                              11F6     11F6       C8      705       0
                text3                              197E     197E       3A      705       0
                text2                              1AF4     1AF4       20      705       0
                text1                              1B42     1B42       12      705       0
                text0                              159A     159A       AC      705       0
                cstackCOMRAM                          1        1       52        1       1
                bssBANK0                             60       60       20       60       1
                bssCOMRAM                            53       53        7        1       1
                cinit                              1AD2     1AD2       22      705       0

TOTAL           Name                               Link     Load   Length     Space
        CLASS   CODE           
                intcode                               8        8       A8         0
                init                                 B0       B0        4         0
                reset_vec                             0        0        4         0
                text30                             1B64     1B64        E         0
                text29                             185C     185C       68         0
                text28                             1A5A     1A5A       2C         0
                text27                             1A26     1A26       34         0
                text26                             17E8     17E8       74         0
                text25                             12BE     12BE       C4         0
                text24                             143C     143C       B0         0
                text23                             19F2     19F2       34         0
                text22                             1B72     1B72        2         0
                text21                             1382     1382       BA         0
                text20                             1942     1942       3C         0
                text19                             16E0     16E0       8A         0
                text18                              F8C      F8C      168         0
                text17                             1AAC     1AAC       26         0
                text16                             14EC     14EC       AE         0
                text15                              E0A      E0A      182         0
                text14                             18C4     18C4       42         0
                text13                             1906     1906       3C         0
                text12                             1646     1646       9A         0
                text11                             176A     176A       7E         0
                text10                             1B14     1B14       1A         0
                text9                              1B2E     1B2E       14         0
                text8                              1A86     1A86       26         0
                text7                              1B54     1B54       10         0
                text6                              10F4     10F4      102         0
                text5                              19B8     19B8       3A         0
                text4                              11F6     11F6       C8         0
                text3                              197E     197E       3A         0
                text2                              1AF4     1AF4       20         0
                text1                              1B42     1B42       12         0
                text0                              159A     159A       AC         0
                cinit                              1AD2     1AD2       22         0

        CLASS   CONST          

        CLASS   SMALLCONST     
                smallconst                          E00      E00        A         0

        CLASS   MEDIUMCONST    

        CLASS   COMRAM         
                temp                                 5A       5A        1         1
                cstackCOMRAM                          1        1       52         1
                bssCOMRAM                            53       53        7         1

        CLASS   ABS1           

        CLASS   BIGRAM         

        CLASS   RAM            

        CLASS   BANK0          
                bssBANK0                             60       60       20         1

        CLASS   BANK1          

        CLASS   BANK2          

        CLASS   BANK3          

        CLASS   BANK4          

        CLASS   BANK5          

        CLASS   BANK6          

        CLASS   BANK7          

        CLASS   BANK8          

        CLASS   BANK9          

        CLASS   BANK10         

        CLASS   BANK11         

        CLASS   BANK12         

        CLASS   BANK13         

        CLASS   SFR            

        CLASS   BIGSFR         

        CLASS   CONFIG         
                config                           300000   300000        6         4

        CLASS   IDLOC          

        CLASS   EEDATA         

        CLASS   FARRAM         

        CLASS   HEAP           

        CLASS   STACK          



SEGMENTS        Name                           Load    Length   Top    Selector   Space  Class

                reset_vec                      000000  000004  000004         0       0  CODE    
                cstackCOMRAM                   000001  00005A  00005B         1       1  COMRAM  
                intcode                        000008  0000AC  0000B4         4       0  CODE    
                bssBANK0                       000060  000020  000080        60       1  BANK0   
                smallconst                     000E00  00000A  000E0A       700       0  SMALLCON
                text15                         000E0A  000D6A  001B74       705       0  CODE    


UNUSED ADDRESS RANGES

        Name                Unused          Largest block    Delta
        BANK0            000080-0000FF               80
        BANK1            000100-0001FF              100
        BANK10           000A00-000AFF              100
        BANK11           000B00-000BFF              100
        BANK12           000C00-000CFF              100
        BANK13           000D00-000DE9               EA
        BANK2            000200-0002FF              100
        BANK3            000300-0003FF              100
        BANK4            000400-0004FF              100
        BANK5            000500-0005FF              100
        BANK6            000600-0006FF              100
        BANK7            000700-0007FF              100
        BANK8            000800-0008FF              100
        BANK9            000900-0009FF              100
        BIGRAM           00005B-00005F                5
                         000080-000DE9              D6A
        BIGSFR           000DEF-000FFF              211
        CODE             000004-000007                4
                         0000B4-000DFF              D4C
                         001B74-01FFFF            1E48C
        COMRAM           00005B-00005F                5
        CONFIG           300006-30000B                6
        CONST            000004-000007                4
                         0000B4-000DFF              D4C
                         001B74-01FFFF            1E48C
        EEDATA           310000-3103FF              400
        IDLOC            200000-20000F               10
        MEDIUMCONST      001B74-00FFFF             E48C
                         010E00-01FFFF             F200
        RAM              000080-000DE9              100
        SFR              000DEF-000FFF              100
        SMALLCONST       001B74-01FFFF              100

                                  Symbol Table

?_ADC_getval                cstackCOMRAM 00000F
?___awdiv                   cstackCOMRAM 000002
?___awmod                   cstackCOMRAM 000002
?___lwdiv                   cstackCOMRAM 000008
?___wmul                    cstackCOMRAM 000002
?_abs                       cstackCOMRAM 000008
?_get16bitTMR0val           cstackCOMRAM 000002
?_read_prec_or_width        cstackCOMRAM 000008
?_sprintf                   cstackCOMRAM 000030
?_vfprintf                  cstackCOMRAM 00002C
ADC2String@ADC_val          cstackCOMRAM 000046
ADC2String@buf              cstackCOMRAM 000044
ADC2String@frac_part        cstackCOMRAM 00004A
ADC2String@int_part         cstackCOMRAM 00004C
ADC_getval@tmpval           cstackCOMRAM 000011
LCD_sendbyte@Byte           cstackCOMRAM 000004
LCD_sendbyte@type           cstackCOMRAM 000003
LCD_sendnibble@number       cstackCOMRAM 000002
LCD_sendstring@string       cstackCOMRAM 000005
LCD_setline@line            cstackCOMRAM 000005
LEDarray_disp_bin@number    cstackCOMRAM 000006
_ADC2String                 text12       001646
_ADCON0bits                 (abs)        000F60
_ADC_getval                 text11       00176A
_ADC_init                   text10       001B14
_ADPCH                      (abs)        000F5F
_ADREFbits                  (abs)        000F58
_ADRESH                     (abs)        000F64
_ANSELAbits                 (abs)        000E92
_ANSELBbits                 (abs)        000E9A
_ANSELFbits                 (abs)        000EB4
_ANSELGbits                 (abs)        000EBC
_CM1CON0bits                (abs)        000ED0
_CM1CON1bits                (abs)        000ED1
_CM1NCHbits                 (abs)        000ED2
_CM1PCHbits                 (abs)        000ED3
_Comp1_init                 text8        001A86
_DAC1CON0bits               (abs)        000EC6
_DAC1CON1bits               (abs)        000EC7
_DAC_init                   text9        001B2E
_HighISR                    intcode      000008
_INTCONbits                 (abs)        000FF2
_IPR0bits                   (abs)        000E1F
_IPR2bits                   (abs)        000E21
_Interrupts_init            text7        001B54
_LATAbits                   (abs)        000F79
_LATBbits                   (abs)        000F7A
_LATCbits                   (abs)        000F7B
_LATDbits                   (abs)        000F7C
_LATEbits                   (abs)        000F7D
_LATFbits                   (abs)        000F7E
_LATGbits                   (abs)        000F7F
_LATHbits                   (abs)        000F80
_LCD_E_TOG                  text30       001B64
_LCD_Init                   text6        0010F4
_LCD_sendbyte               text28       001A5A
_LCD_sendnibble             text29       00185C
_LCD_sendstring             text27       001A26
_LCD_setline                text5        0019B8
_LEDarray_disp_bin          text4        0011F6
_LEDarray_init              text3        00197E
_PIE0bits                   (abs)        000E29
_PIE2bits                   (abs)        000E2B
_PIR0bits                   (abs)        000E33
_PIR2bits                   (abs)        000E35
_T0CON0bits                 (abs)        000FD5
_T0CON1bits                 (abs)        000FD6
_TMR0H                      (abs)        000FD4
_TMR0L                      (abs)        000FD3
_TRISAbits                  (abs)        000F81
_TRISBbits                  (abs)        000F82
_TRISCbits                  (abs)        000F83
_TRISDbits                  (abs)        000F84
_TRISEbits                  (abs)        000F85
_TRISFbits                  (abs)        000F86
_TRISGbits                  (abs)        000F87
_TRISHbits                  (abs)        000F88
_Timer0_init                text2        001AF4
__HRAM                      (abs)        000000
__H__absolute__             __absolute__ 000000
__Habs1                     abs1         000000
__Hbank0                    bank0        000000
__Hbank1                    bank1        000000
__Hbank10                   bank10       000000
__Hbank11                   bank11       000000
__Hbank12                   bank12       000000
__Hbank13                   bank13       000000
__Hbank2                    bank2        000000
__Hbank3                    bank3        000000
__Hbank4                    bank4        000000
__Hbank5                    bank5        000000
__Hbank6                    bank6        000000
__Hbank7                    bank7        000000
__Hbank8                    bank8        000000
__Hbank9                    bank9        000000
__Hbigbss                   bigbss       000000
__Hbigdata                  bigdata      000000
__Hbigram                   bigram       000000
__Hbigsfr                   bigsfr       000000
__Hbss                      bss          000000
__HbssBANK0                 bssBANK0     000000
__HbssCOMRAM                bssCOMRAM    000000
__Hcinit                    cinit        000000
__Hclrtext                  clrtext      000000
__Hcomram                   comram       000000
__Hconfig                   config       300006
__Hconst                    const        000000
__HcstackCOMRAM             cstackCOMRAM 000000
__Hdata                     data         000000
__Heeprom_data              eeprom_data  000000
__Hfarbss                   farbss       000000
__Hfardata                  fardata      000000
__Hheap                     heap         000000
__Hibigdata                 ibigdata     000000
__Hidata                    idata        000000
__Hidloc                    idloc        000000
__Hifardata                 ifardata     000000
__Hinit                     init         0000B4
__Hintcode                  intcode      0000B0
__Hintcode_body             intcode_body 000000
__Hintcodelo                intcodelo    0000B0
__Hintentry                 intentry     000000
__Hintret                   intret       000000
__Hintsave_regs             intsave_regs 000000
__Hirdata                   irdata       000000
__Hmediumconst              mediumconst  000000
__HnvFARRAM                 nvFARRAM     000000
__Hnvbit                    nvbit        000000
__Hnvrram                   nvrram       000000
__Hparam                    rparam       000000
__Hpowerup                  powerup      0000B0
__Hram                      ram          000000
__Hramtop                   ramtop       000E00
__Hrbit                     rbit         000000
__Hrbss                     rbss         000000
__Hrdata                    rdata        000000
__Hreset_vec                reset_vec    000004
__Hrparam                   rparam       000000
__Hsfr                      sfr          000000
__Hsmallconst               smallconst   000E0A
__Hspace_0                  (abs)        001B74
__Hspace_1                  (abs)        000080
__Hspace_2                  (abs)        000000
__Hspace_4                  (abs)        600006
__Hstack                    stack        000000
__Hstruct                   struct       000000
__Htemp                     temp         00005B
__Htext                     text         000000
__Htext0                    text0        000000
__Htext1                    text1        000000
__Htext10                   text10       000000
__Htext11                   text11       000000
__Htext12                   text12       000000
__Htext13                   text13       000000
__Htext14                   text14       000000
__Htext15                   text15       000000
__Htext16                   text16       000000
__Htext17                   text17       000000
__Htext18                   text18       000000
__Htext19                   text19       000000
__Htext2                    text2        000000
__Htext20                   text20       000000
__Htext21                   text21       000000
__Htext22                   text22       000000
__Htext23                   text23       000000
__Htext24                   text24       000000
__Htext25                   text25       000000
__Htext26                   text26       000000
__Htext27                   text27       000000
__Htext28                   text28       000000
__Htext29                   text29       000000
__Htext3                    text3        000000
__Htext30                   text30       000000
__Htext4                    text4        000000
__Htext5                    text5        000000
__Htext6                    text6        000000
__Htext7                    text7        000000
__Htext8                    text8        000000
__Htext9                    text9        000000
__LRAM                      (abs)        000001
__L__absolute__             __absolute__ 000000
__Labs1                     abs1         000000
__Lbank0                    bank0        000000
__Lbank1                    bank1        000000
__Lbank10                   bank10       000000
__Lbank11                   bank11       000000
__Lbank12                   bank12       000000
__Lbank13                   bank13       000000
__Lbank2                    bank2        000000
__Lbank3                    bank3        000000
__Lbank4                    bank4        000000
__Lbank5                    bank5        000000
__Lbank6                    bank6        000000
__Lbank7                    bank7        000000
__Lbank8                    bank8        000000
__Lbank9                    bank9        000000
__Lbigbss                   bigbss       000000
__Lbigdata                  bigdata      000000
__Lbigram                   bigram       000000
__Lbigsfr                   bigsfr       000000
__Lbss                      bss          000000
__LbssBANK0                 bssBANK0     000000
__LbssCOMRAM                bssCOMRAM    000000
__Lcinit                    cinit        000000
__Lclrtext                  clrtext      000000
__Lcomram                   comram       000000
__Lconfig                   config       000000
__Lconst                    const        000000
__LcstackCOMRAM             cstackCOMRAM 000000
__Ldata                     data         000000
__Leeprom_data              eeprom_data  000000
__Lfarbss                   farbss       000000
__Lfardata                  fardata      000000
__Lheap                     heap         000000
__Libigdata                 ibigdata     000000
__Lidata                    idata        000000
__Lidloc                    idloc        000000
__Lifardata                 ifardata     000000
__Linit                     init         0000B0
__Lintcode                  intcode      000008
__Lintcode_body             intcode_body 000000
__Lintcodelo                intcodelo    0000B0
__Lintentry                 intentry     000000
__Lintret                   intret       000000
__Lintsave_regs             intsave_regs 000000
__Lirdata                   irdata       000000
__Lmediumconst              mediumconst  000000
__LnvFARRAM                 nvFARRAM     000000
__Lnvbit                    nvbit        000000
__Lnvrram                   nvrram       000000
__Lparam                    rparam       000000
__Lpowerup                  powerup      0000B0
__Lram                      ram          000000
__Lramtop                   ramtop       000E00
__Lrbit                     rbit         000000
__Lrbss                     rbss         000000
__Lrdata                    rdata        000000
__Lreset_vec                reset_vec    000000
__Lrparam                   rparam       000000
__Lsfr                      sfr          000000
__Lsmallconst               smallconst   000E00
__Lspace_0                  (abs)        000000
__Lspace_1                  (abs)        000000
__Lspace_2                  (abs)        000000
__Lspace_4                  (abs)        000000
__Lstack                    stack        000000
__Lstruct                   struct       000000
__Ltemp                     temp         00005A
__Ltext                     text         000000
__Ltext0                    text0        000000
__Ltext1                    text1        000000
__Ltext10                   text10       000000
__Ltext11                   text11       000000
__Ltext12                   text12       000000
__Ltext13                   text13       000000
__Ltext14                   text14       000000
__Ltext15                   text15       000000
__Ltext16                   text16       000000
__Ltext17                   text17       000000
__Ltext18                   text18       000000
__Ltext19                   text19       000000
__Ltext2                    text2        000000
__Ltext20                   text20       000000
__Ltext21                   text21       000000
__Ltext22                   text22       000000
__Ltext23                   text23       000000
__Ltext24                   text24       000000
__Ltext25                   text25       000000
__Ltext26                   text26       000000
__Ltext27                   text27       000000
__Ltext28                   text28       000000
__Ltext29                   text29       000000
__Ltext3                    text3        000000
__Ltext30                   text30       000000
__Ltext4                    text4        000000
__Ltext5                    text5        000000
__Ltext6                    text6        000000
__Ltext7                    text7        000000
__Ltext8                    text8        000000
__Ltext9                    text9        000000
__S0                        (abs)        001B74
__S1                        (abs)        000080
__S4                        (abs)        000000
__S5                        (abs)        000000
___awdiv                    text25       0012BE
___awdiv@counter            cstackCOMRAM 000006
___awdiv@dividend           cstackCOMRAM 000002
___awdiv@divisor            cstackCOMRAM 000004
___awdiv@quotient           cstackCOMRAM 000008
___awdiv@sign               cstackCOMRAM 000007
___awmod                    text24       00143C
___awmod@counter            cstackCOMRAM 000006
___awmod@dividend           cstackCOMRAM 000002
___awmod@divisor            cstackCOMRAM 000004
___awmod@sign               cstackCOMRAM 000007
___heap_hi                  (abs)        000000
___heap_lo                  (abs)        000000
___inthi_sp                 stack        000000
___inthi_stack_hi           stack        000000
___inthi_stack_lo           stack        000000
___intlo_sp                 stack        000000
___intlo_stack_hi           stack        000000
___intlo_stack_lo           stack        000000
___lwdiv                    text26       0017E8
___lwdiv@counter            cstackCOMRAM 00000E
___lwdiv@dividend           cstackCOMRAM 000008
___lwdiv@divisor            cstackCOMRAM 00000A
___lwdiv@quotient           cstackCOMRAM 00000C
___param_bank               (abs)        000000
___rparam_used              (abs)        000001
___sp                       stack        000000
___stack_hi                 stack        000000
___stack_lo                 stack        000000
___wmul                     text17       001AAC
___wmul@multiplicand        cstackCOMRAM 000004
___wmul@multiplier          cstackCOMRAM 000002
___wmul@product             cstackCOMRAM 000006
__accesstop                 (abs)        000060
__activetblptr              (abs)        000003
__end_of_ADC2String         text12       0016E0
__end_of_ADC_getval         text11       0017E8
__end_of_ADC_init           text10       001B2E
__end_of_Comp1_init         text8        001AAC
__end_of_DAC_init           text9        001B42
__end_of_HighISR            intcode      0000B0
__end_of_Interrupts_init    text7        001B64
__end_of_LCD_E_TOG          text30       001B72
__end_of_LCD_Init           text6        0011F6
__end_of_LCD_sendbyte       text28       001A86
__end_of_LCD_sendnibble     text29       0018C4
__end_of_LCD_sendstring     text27       001A5A
__end_of_LCD_setline        text5        0019F2
__end_of_LEDarray_disp_bin  text4        0012BE
__end_of_LEDarray_init      text3        0019B8
__end_of_Timer0_init        text2        001B14
__end_of___awdiv            text25       001382
__end_of___awmod            text24       0014EC
__end_of___lwdiv            text26       00185C
__end_of___wmul             text17       001AD2
__end_of__initialization    cinit        001AEA
__end_of_abs                text23       001A26
__end_of_dtoa               text18       0010F4
__end_of_fputc              text21       00143C
__end_of_fputs              text20       00197E
__end_of_get16bitTMR0val    text1        001B54
__end_of_main               text0        001646
__end_of_pad                text19       00176A
__end_of_putch              text22       001B74
__end_of_read_prec_or_width text16       00159A
__end_of_sprintf            text13       001942
__end_of_vfpfcnvrt          text15       000F8C
__end_of_vfprintf           text14       001906
__initialization            cinit        001AD2
__mediumconst               mediumconst  000000
__pbssBANK0                 bssBANK0     000060
__pbssCOMRAM                bssCOMRAM    000053
__pcinit                    cinit        001AD2
__pcstackCOMRAM             cstackCOMRAM 000001
__pintcode                  intcode      000008
__psmallconst               smallconst   000E00
__ptext0                    text0        00159A
__ptext1                    text1        001B42
__ptext10                   text10       001B14
__ptext11                   text11       00176A
__ptext12                   text12       001646
__ptext13                   text13       001906
__ptext14                   text14       0018C4
__ptext15                   text15       000E0A
__ptext16                   text16       0014EC
__ptext17                   text17       001AAC
__ptext18                   text18       000F8C
__ptext19                   text19       0016E0
__ptext2                    text2        001AF4
__ptext20                   text20       001942
__ptext21                   text21       001382
__ptext22                   text22       001B72
__ptext23                   text23       0019F2
__ptext24                   text24       00143C
__ptext25                   text25       0012BE
__ptext26                   text26       0017E8
__ptext27                   text27       001A26
__ptext28                   text28       001A5A
__ptext29                   text29       00185C
__ptext3                    text3        00197E
__ptext30                   text30       001B64
__ptext4                    text4        0011F6
__ptext5                    text5        0019B8
__ptext6                    text6        0010F4
__ptext7                    text7        001B54
__ptext8                    text8        001A86
__ptext9                    text9        001B2E
__ramtop                    ramtop       000E00
__smallconst                smallconst   000E00
_abs                        text23       0019F2
_count                      bssCOMRAM    000057
_dbuf                       bssBANK0     000060
_dtoa                       text18       000F8C
_dtoa$2051                  cstackCOMRAM 000019
_flags                      bssCOMRAM    000059
_fputc                      text21       001382
_fputs                      text20       001942
_get16bitTMR0val            text1        001B42
_main                       text0        00159A
_pad                        text19       0016E0
_prec                       bssCOMRAM    000055
_putch                      text22       001B72
_read_prec_or_width         text16       0014EC
_sprintf                    text13       001906
_vfpfcnvrt                  text15       000E0A
_vfprintf                   text14       0018C4
_width                      bssCOMRAM    000053
abs@a                       cstackCOMRAM 000008
btemp                       temp         00005A
dtoa@d                      cstackCOMRAM 000017
dtoa@fp                     cstackCOMRAM 000016
dtoa@i                      cstackCOMRAM 00001F
dtoa@p                      cstackCOMRAM 00001B
dtoa@s                      cstackCOMRAM 00001E
dtoa@w                      cstackCOMRAM 00001C
end_of_initialization       cinit        001AEA
fputc@c                     cstackCOMRAM 000002
fputc@fp                    cstackCOMRAM 000004
fputs@c                     cstackCOMRAM 00000C
fputs@fp                    cstackCOMRAM 00000B
fputs@i                     cstackCOMRAM 00000D
fputs@s                     cstackCOMRAM 00000A
get16bitTMR0val@time        cstackCOMRAM 000004
int$flags                   temp         00005A
intlevel0                   text         000000
intlevel1                   text         000000
intlevel2                   text         000000
intlevel3                   text         000000
isa$std                     (abs)        000001
isa$xinst                   (abs)        000000
main@current_ADC_val        cstackCOMRAM 000051
main@old_ADC_val            cstackCOMRAM 00004F
pad@buf                     cstackCOMRAM 000010
pad@fp                      cstackCOMRAM 00000F
pad@i                       cstackCOMRAM 000014
pad@p                       cstackCOMRAM 000011
read_prec_or_width@ap       cstackCOMRAM 000009
read_prec_or_width@c        cstackCOMRAM 00000A
read_prec_or_width@fmt      cstackCOMRAM 000008
read_prec_or_width@n        cstackCOMRAM 00000B
sprintf@ap                  cstackCOMRAM 000037
sprintf@f                   cstackCOMRAM 000038
sprintf@fmt                 cstackCOMRAM 000032
sprintf@s                   cstackCOMRAM 000030
stackhi                     (abs)        000000
stacklo                     (abs)        000000
start                       init         0000B0
start_initialization        cinit        001AD2
ttemp5                      temp         00005B
ttemp6                      temp         00005E
ttemp7                      temp         000062
vfpfcnvrt@ap                cstackCOMRAM 000023
vfpfcnvrt@convarg           cstackCOMRAM 000026
vfpfcnvrt@cp                cstackCOMRAM 00002B
vfpfcnvrt@done              cstackCOMRAM 00002A
vfpfcnvrt@fmt               cstackCOMRAM 000022
vfpfcnvrt@fp                cstackCOMRAM 000021
vfprintf@ap                 cstackCOMRAM 00002E
vfprintf@cfmt               cstackCOMRAM 00002F
vfprintf@fmt                cstackCOMRAM 00002D
vfprintf@fp                 cstackCOMRAM 00002C
wtemp8                      temp         00005B


MODULE INFORMATION

Module		Function		Class		Link	Load	Size
C:\Program Files\Microchip\xc8\v2.45\pic\sources\c99\common\Umul16.c
		___wmul        		CODE           	1AAC	0000	38

C:\Program Files\Microchip\xc8\v2.45\pic\sources\c99\common\Umul16.c estimated size: 38

timers.c
		_Timer0_init   		CODE           	1AF4	0000	32
		_get16bitTMR0val		CODE           	1B42	0000	18

timers.c estimated size: 50

interrupts.c
		_Interrupts_init		CODE           	1B54	0000	16
		_HighISR       		CODE           	0008	0000	168

interrupts.c estimated size: 184

LEDarray.c
		_LEDarray_init 		CODE           	197E	0000	58
		_LEDarray_disp_bin		CODE           	11F6	0000	200

LEDarray.c estimated size: 258

comparator.c
		_DAC_init      		CODE           	1B2E	0000	20
		_Comp1_init    		CODE           	1A86	0000	38

comparator.c estimated size: 58

C:\Program Files\Microchip\xc8\v2.45\pic\sources\c99\common\nf_fputs.c
		_fputs         		CODE           	1942	0000	60

C:\Program Files\Microchip\xc8\v2.45\pic\sources\c99\common\nf_fputs.c estimated size: 60

C:\Program Files\Microchip\xc8\v2.45\pic\sources\c99\common\nf_sprintf.c
		_sprintf       		CODE           	1906	0000	60

C:\Program Files\Microchip\xc8\v2.45\pic\sources\c99\common\nf_sprintf.c estimated size: 60

C:\Program Files\Microchip\xc8\v2.45\pic\sources\c99\common\awmod.c
		___awmod       		CODE           	143C	0000	176

C:\Program Files\Microchip\xc8\v2.45\pic\sources\c99\common\awmod.c estimated size: 176

C:\Program Files\Microchip\xc8\v2.45\pic\sources\c99\common\putch.c
		_putch         		CODE           	1B72	0000	2

C:\Program Files\Microchip\xc8\v2.45\pic\sources\c99\common\putch.c estimated size: 2

shared
		__initialization		CODE           	1AD2	0000	24

shared estimated size: 24

C:\Program Files\Microchip\xc8\v2.45\pic\sources\c99\common\abs.c
		_abs           		CODE           	19F2	0000	52

C:\Program Files\Microchip\xc8\v2.45\pic\sources\c99\common\abs.c estimated size: 52

ADC.c
		_ADC_init      		CODE           	1B14	0000	26
		_ADC_getval    		CODE           	176A	0000	126

ADC.c estimated size: 152

main.c
		_main          		CODE           	159A	0000	172

main.c estimated size: 172

C:\Program Files\Microchip\xc8\v2.45\pic\sources\c99\common\nf_fputc.c
		_fputc         		CODE           	1382	0000	186

C:\Program Files\Microchip\xc8\v2.45\pic\sources\c99\common\nf_fputc.c estimated size: 186

C:\Program Files\Microchip\xc8\v2.45\pic\sources\c99\common\doprnt.c
		_read_prec_or_width		CODE           	14EC	0000	174
		_vfpfcnvrt     		CODE           	0E0A	0000	386
		_pad           		CODE           	16E0	0000	138
		_dtoa          		CODE           	0F8C	0000	360
		_vfprintf      		CODE           	18C4	0000	66

C:\Program Files\Microchip\xc8\v2.45\pic\sources\c99\common\doprnt.c estimated size: 1124

C:\Program Files\Microchip\xc8\v2.45\pic\sources\c99\common\lwdiv.c
		___lwdiv       		CODE           	17E8	0000	116

C:\Program Files\Microchip\xc8\v2.45\pic\sources\c99\common\lwdiv.c estimated size: 116

C:\Program Files\Microchip\xc8\v2.45\pic\sources\c99\common\awdiv.c
		___awdiv       		CODE           	12BE	0000	196

C:\Program Files\Microchip\xc8\v2.45\pic\sources\c99\common\awdiv.c estimated size: 196

LCD.c
		_ADC2String    		CODE           	1646	0000	154
		_LCD_Init      		CODE           	10F4	0000	258
		_LCD_sendbyte  		CODE           	1A5A	0000	44
		_LCD_E_TOG     		CODE           	1B64	0000	14
		_LCD_setline   		CODE           	19B8	0000	58
		_LCD_sendnibble		CODE           	185C	0000	104
		_LCD_sendstring		CODE           	1A26	0000	52

LCD.c estimated size: 684

